v1/pref-bt/default: top1 9/20=0.450 wilson95=[0.258,0.658] pairwise 249/300
v1/pref-bt/machine-neg: top1 10/20=0.500 wilson95=[0.299,0.701] pairwise 247/300
v1/pref-bt/machine-neg-w5: top1 11/20=0.550 wilson95=[0.342,0.742] pairwise 243/300
v1/pref-ce/beyond-para: top1 9/20=0.450 wilson95=[0.258,0.658] pairwise 252/300
v1/pref-ce/default: top1 10/20=0.500 wilson95=[0.299,0.701] pairwise 251/300
v1/pref-sentseq/d512-l4-lr1e-4-ep40: top1 11/20=0.550 wilson95=[0.342,0.742] pairwise 217/300
v1/pref-sentseq/lr1e-4-ep20: top1 16/20=0.800 wilson95=[0.584,0.919] pairwise 263/300
v1/pref-sentseq/lr1e-4-ep40: top1 17/20=0.850 wilson95=[0.640,0.948] pairwise 268/300
v1/pref-sentseq/lr3e-4-ep40: top1 16/20=0.800 wilson95=[0.584,0.919] pairwise 268/300
v2b/pref-bt/default: top1 16/24=0.667 wilson95=[0.467,0.820] pairwise 60/72
v2b/pref-bt/machine-neg: top1 16/24=0.667 wilson95=[0.467,0.820] pairwise 60/72
v2b/pref-bt/machine-neg-w5: top1 16/24=0.667 wilson95=[0.467,0.820] pairwise 60/72
v2b/pref-ce/beyond-para: top1 7/24=0.292 wilson95=[0.149,0.492] pairwise 53/72
v2b/pref-ce/hunk-only: top1 8/24=0.333 wilson95=[0.180,0.533] pairwise 53/72
v2b/pref-ce/ml2048: top1 10/24=0.417 wilson95=[0.245,0.612] pairwise 57/72
v2b/pref-ce/with-negative-construct: top1 11/24=0.458 wilson95=[0.279,0.649] pairwise 56/72
v2b/pref-sentseq/anchor-full-lr3e-4-ep40: top1 10/24=0.417 wilson95=[0.245,0.612] pairwise 29/72
v2b/pref-sentseq/d512-l4-lr1e-4-ep40: top1 14/24=0.583 wilson95=[0.388,0.755] pairwise 48/72
v2b/pref-sentseq/lr1e-4-ep20: top1 16/24=0.667 wilson95=[0.467,0.820] pairwise 60/72
v2b/pref-sentseq/lr1e-4-ep40: top1 15/24=0.625 wilson95=[0.427,0.788] pairwise 59/72
v2b/pref-sentseq/lr3e-4-ep40: top1 17/24=0.708 wilson95=[0.508,0.851] pairwise 61/72
v2c/pref-bt/default: top1 14/24=0.583 wilson95=[0.388,0.755] pairwise 58/72
v2c/pref-bt/machine-neg: top1 14/24=0.583 wilson95=[0.388,0.755] pairwise 57/72
v2c/pref-bt/machine-neg-w5: top1 15/24=0.625 wilson95=[0.427,0.788] pairwise 57/72
v2c/pref-sentseq/anchor-full-lr3e-4-ep40: top1 8/24=0.333 wilson95=[0.180,0.533] pairwise 30/72
v2c/pref-sentseq/d512-l4-lr1e-4-ep40: top1 15/24=0.625 wilson95=[0.427,0.788] pairwise 49/72
v2c/pref-sentseq/lr1e-4-ep20: top1 17/24=0.708 wilson95=[0.508,0.851] pairwise 61/72
v2c/pref-sentseq/lr1e-4-ep40: top1 15/24=0.625 wilson95=[0.427,0.788] pairwise 59/72
v2c/pref-sentseq/lr3e-4-ep40: top1 17/24=0.708 wilson95=[0.508,0.851] pairwise 61/72
McNemar v1:pref-sentseq/lr1e-4-ep40:pref-sentseq/lr3e-4-ep40: b=1 c=0 p_exact=1 acc_diff=+0.050
McNemar v1:pref-sentseq/lr3e-4-ep40:pref-bt/default: b=8 c=1 p_exact=0.03906 acc_diff=+0.350
McNemar v1:pref-sentseq/lr3e-4-ep40:pref-ce/default: b=7 c=1 p_exact=0.07031 acc_diff=+0.300
McNemar v1:pref-bt/default:pref-ce/default: b=2 c=3 p_exact=1 acc_diff=-0.050
McNemar v1:pref-sentseq/lr1e-4-ep20:pref-sentseq/lr1e-4-ep40: b=0 c=1 p_exact=1 acc_diff=-0.050
McNemar v2b:pref-sentseq/lr3e-4-ep40:pref-bt/default: b=2 c=1 p_exact=1 acc_diff=+0.042
McNemar v2b:pref-sentseq/lr1e-4-ep40:pref-sentseq/lr3e-4-ep40: b=0 c=2 p_exact=0.5 acc_diff=-0.083
McNemar v2b:pref-sentseq/lr3e-4-ep40:pref-ce/beyond-para: b=10 c=0 p_exact=0.001953 acc_diff=+0.417
McNemar v2c:pref-sentseq/lr3e-4-ep40:pref-bt/default: b=4 c=1 p_exact=0.375 acc_diff=+0.125
McNemar v2c:pref-sentseq/lr1e-4-ep40:pref-sentseq/lr3e-4-ep40: b=0 c=2 p_exact=0.5 acc_diff=-0.083
wrote /home/k16/dev/ja-tech-edit-score/results/mcnemar_results.csv
wrote /home/k16/dev/ja-tech-edit-score/results/paired_bootstrap_results.csv
wrote /home/k16/dev/ja-tech-edit-score/results/raw/hard_eval_model_accuracy.json
NOTE: exploratory comparisons; no multiple-comparison correction applied as a primary result.
